                                                           The SAS System                           09:02 Thursday, May 10, 2018   1

                                                         flag_
                                                         fail_
                                                  Obs     norm    COUNT    PERCENT

                                                   1       .          5      .    
                                                   2       0      85602    97.3823
                                                   3       1       2301     2.6177
                                                           The SAS System                           09:02 Thursday, May 10, 2018   2

                                                         flag_
                                                         fail_
                                                  Obs     norm    COUNT    PERCENT

                                                   1       .          5      .    
                                                   2       0      85507    97.2743
                                                   3       1       2396     2.7257
